[1m[33m[33m▲ [43;33m[[43;30mWARNING[43;33m][0m [1mNG8107: The left side of this optional chain operation does not include 'null' or 'undefined' in its type, therefore the '?.' operator can be replaced with the '.' operator.[0m [1m[35m[plugin angular-compiler][0m

    src/app/features/dashboard/student-dashboard/student-dashboard.component.ts:145:90:
[37m      145 │ ...ss="text-gray-400 italic">By {{ course.instructor?.[32mname[37m }}</span>
          ╵                                                       [32m~~~~[0m


[33m▲ [43;33m[[43;30mWARNING[43;33m][0m [1mNG8102: The left side of this nullish coalescing operation does not include 'null' or 'undefined' in its type, therefore the '??' operator can be safely removed.[0m [1m[35m[plugin angular-compiler][0m

    src/app/features/events/instructor-events/instructor-events.component.ts:92:30:
[37m      92 │ ...              {{ ([32mevent.event_title ?? 'Event'[37m).slice(0, 2).toU...
         ╵                      [32m~~~~~~~~~~~~~~~~~~~~~~~~~~~~[0m


[33m▲ [43;33m[[43;30mWARNING[43;33m][0m [1mNG8102: The left side of this nullish coalescing operation does not include 'null' or 'undefined' in its type, therefore the '??' operator can be safely removed.[0m [1m[35m[plugin angular-compiler][0m

    src/app/features/events/student-joined-events/student-joined-events.component.ts:100:30:
[37m      100 │ ...             {{ ([32mevent.event_title ?? 'Event'[37m).slice(0, 2).toU...
          ╵                     [32m~~~~~~~~~~~~~~~~~~~~~~~~~~~~[0m

[39m[22m
[1m[33m[33m▲ [43;33m[[43;30mWARNING[43;33m][0m [1mNG8107: The left side of this optional chain operation does not include 'null' or 'undefined' in its type, therefore the '?.' operator can be replaced with the '.' operator.[0m [1m[35m[plugin angular-compiler][0m

    src/app/features/dashboard/student-dashboard/student-dashboard.component.ts:145:90:
[37m      145 │ ...ss="text-gray-400 italic">By {{ course.instructor?.[32mname[37m }}</span>
          ╵                                                       [32m~~~~[0m


[33m▲ [43;33m[[43;30mWARNING[43;33m][0m [1mNG8102: The left side of this nullish coalescing operation does not include 'null' or 'undefined' in its type, therefore the '??' operator can be safely removed.[0m [1m[35m[plugin angular-compiler][0m

    src/app/features/events/instructor-events/instructor-events.component.ts:92:30:
[37m      92 │ ...              {{ ([32mevent.event_title ?? 'Event'[37m).slice(0, 2).toU...
         ╵                      [32m~~~~~~~~~~~~~~~~~~~~~~~~~~~~[0m


[33m▲ [43;33m[[43;30mWARNING[43;33m][0m [1mNG8102: The left side of this nullish coalescing operation does not include 'null' or 'undefined' in its type, therefore the '??' operator can be safely removed.[0m [1m[35m[plugin angular-compiler][0m

    src/app/features/events/student-joined-events/student-joined-events.component.ts:100:30:
[37m      100 │ ...             {{ ([32mevent.event_title ?? 'Event'[37m).slice(0, 2).toU...
          ╵                     [32m~~~~~~~~~~~~~~~~~~~~~~~~~~~~[0m

[39m[22m
[1m[31m[31mX [41;31m[[41;97mERROR[41;31m][0m [1mTS2339: Property 'clubs' does not exist on type 'ClubsComponent'.[0m [1m[35m[plugin angular-compiler][0m

    src/app/features/clubs/clubs.component.ts:40:24:
[37m      40 │           @for (club of [32mclubs[37m; track club.id) {
         ╵                         [32m~~~~~[0m


[31mX [41;31m[[41;97mERROR[41;31m][0m [1mTS2339: Property 'openEnglishConversationChat' does not exist on type 'ClubsComponent'.[0m [1m[35m[plugin angular-compiler][0m

    src/app/features/clubs/clubs.component.ts:55:29:
[37m      55 │                     (click)="[32mopenEnglishConversationChat[37m()"
         ╵                              [32m~~~~~~~~~~~~~~~~~~~~~~~~~~~[0m


[31mX [41;31m[[41;97mERROR[41;31m][0m [1mTS2339: Property 'showEnglishChat' does not exist on type 'ClubsComponent'.[0m [1m[35m[plugin angular-compiler][0m

    src/app/features/clubs/clubs.component.ts:71:13:
[37m      71 │         @if ([32mshowEnglishChat[37m()) {
         ╵              [32m~~~~~~~~~~~~~~~[0m


[31mX [41;31m[[41;97mERROR[41;31m][0m [1mTS2339: Property 'resetConversation' does not exist on type 'ClubsComponent'.[0m [1m[35m[plugin angular-compiler][0m

    src/app/features/clubs/clubs.component.ts:82:25:
[37m      82 │                 (click)="[32mresetConversation[37m()"
         ╵                          [32m~~~~~~~~~~~~~~~~~[0m


[31mX [41;31m[[41;97mERROR[41;31m][0m [1mTS2339: Property 'quickPrompts' does not exist on type 'ClubsComponent'.[0m [1m[35m[plugin angular-compiler][0m

    src/app/features/clubs/clubs.component.ts:90:30:
[37m      90 │               @for (prompt of [32mquickPrompts[37m; track prompt) {
         ╵                               [32m~~~~~~~~~~~~[0m


[31mX [41;31m[[41;97mERROR[41;31m][0m [1mTS2339: Property 'applyQuickPrompt' does not exist on type 'ClubsComponent'.[0m [1m[35m[plugin angular-compiler][0m

    src/app/features/clubs/clubs.component.ts:93:27:
[37m      93 │                   (click)="[32mapplyQuickPrompt[37m(prompt)"
         ╵                            [32m~~~~~~~~~~~~~~~~[0m


[31mX [41;31m[[41;97mERROR[41;31m][0m [1mTS2339: Property 'chatMessages' does not exist on type 'ClubsComponent'.[0m [1m[35m[plugin angular-compiler][0m

    src/app/features/clubs/clubs.component.ts:102:31:
[37m      102 │               @for (message of [32mchatMessages[37m(); track message.id) {
          ╵                                [32m~~~~~~~~~~~~[0m


[31mX [41;31m[[41;97mERROR[41;31m][0m [1mTS2339: Property 'botTyping' does not exist on type 'ClubsComponent'.[0m [1m[35m[plugin angular-compiler][0m

    src/app/features/clubs/clubs.component.ts:117:19:
[37m      117 │               @if ([32mbotTyping[37m()) {
          ╵                    [32m~~~~~~~~~[0m


[31mX [41;31m[[41;97mERROR[41;31m][0m [1mTS2339: Property 'draftMessage' does not exist on type 'ClubsComponent'.[0m [1m[35m[plugin angular-compiler][0m

    src/app/features/clubs/clubs.component.ts:129:29:
[37m      129 │                 [(ngModel)]="[32mdraftMessage[37m"
          ╵                              [32m~~~~~~~~~~~~[0m


[31mX [41;31m[[41;97mERROR[41;31m][0m [1mTS2339: Property 'draftMessage' does not exist on type 'ClubsComponent'.[0m [1m[35m[plugin angular-compiler][0m

    src/app/features/clubs/clubs.component.ts:129:29:
[37m      129 │                 [(ngModel)]="[32mdraftMessage[37m"
          ╵                              [32m~~~~~~~~~~~~[0m


[31mX [41;31m[[41;97mERROR[41;31m][0m [1mTS2339: Property 'sendMessage' does not exist on type 'ClubsComponent'.[0m [1m[35m[plugin angular-compiler][0m

    src/app/features/clubs/clubs.component.ts:130:33:
[37m      130 │                 (keydown.enter)="[32msendMessage[37m()"
          ╵                                  [32m~~~~~~~~~~~[0m


[31mX [41;31m[[41;97mERROR[41;31m][0m [1mTS2339: Property 'sendMessage' does not exist on type 'ClubsComponent'.[0m [1m[35m[plugin angular-compiler][0m

    src/app/features/clubs/clubs.component.ts:136:25:
[37m      136 │                 (click)="[32msendMessage[37m()"
          ╵                          [32m~~~~~~~~~~~[0m


[31mX [41;31m[[41;97mERROR[41;31m][0m [1mTS2339: Property 'draftMessage' does not exist on type 'ClubsComponent'.[0m [1m[35m[plugin angular-compiler][0m

    src/app/features/clubs/clubs.component.ts:137:29:
[37m      137 │                 [disabled]="![32mdraftMessage[37m.trim() || botTyping()"
          ╵                              [32m~~~~~~~~~~~~[0m


[31mX [41;31m[[41;97mERROR[41;31m][0m [1mTS2339: Property 'botTyping' does not exist on type 'ClubsComponent'.[0m [1m[35m[plugin angular-compiler][0m

    src/app/features/clubs/clubs.component.ts:137:52:
[37m      137 │                 [disabled]="!draftMessage.trim() || [32mbotTyping[37m()"
          ╵                                                     [32m~~~~~~~~~[0m


[31mX [41;31m[[41;97mERROR[41;31m][0m [1mTS1068: Unexpected token. A constructor, method, accessor, or property was expected.[0m [1m[35m[plugin angular-compiler][0m

    src/app/features/clubs/clubs.component.ts:152:29:
[37m      152 │ export class ClubsComponent {[32m`r`[37mn  @ViewChild('englishChatPanel')...
          ╵                              [32m~~~[0m


[31mX [41;31m[[41;97mERROR[41;31m][0m [1mTS1005: ';' expected.[0m [1m[35m[plugin angular-compiler][0m

    src/app/features/clubs/clubs.component.ts:152:32:
[37m      152 │ export class ClubsComponent {`r`[32mn[37m  @ViewChild('englishChatPanel')...
          ╵                                 [32m^[0m


[31mX [41;31m[[41;97mERROR[41;31m][0m [1mTS2304: Cannot find name 'n'.[0m [1m[35m[plugin angular-compiler][0m

    src/app/features/clubs/clubs.component.ts:152:32:
[37m      152 │ export class ClubsComponent {`r`[32mn[37m  @ViewChild('englishChatPanel')...
          ╵                                 [32m^[0m


[31mX [41;31m[[41;97mERROR[41;31m][0m [1mTS1146: Declaration expected.[0m [1m[35m[plugin angular-compiler][0m

    src/app/features/clubs/clubs.component.ts:152:73:
[37m      152 │ ...ild('englishChatPanel') private[32m[37m englishChatPanel?: ElementRef<...
          ╵                                   [32m^[0m


[31mX [41;31m[[41;97mERROR[41;31m][0m [1mTS2304: Cannot find name 'englishChatPanel'.[0m [1m[35m[plugin angular-compiler][0m

    src/app/features/clubs/clubs.component.ts:152:74:
[37m      152 │ ...ishChatPanel') private [32menglishChatPanel[37m?: ElementRef<HTMLEleme...
          ╵                           [32m~~~~~~~~~~~~~~~~[0m


[31mX [41;31m[[41;97mERROR[41;31m][0m [1mTS1109: Expression expected.[0m [1m[35m[plugin angular-compiler][0m

    src/app/features/clubs/clubs.component.ts:152:91:
[37m      152 │ ...shChatPanel') private englishChatPanel?[32m:[37m ElementRef<HTMLElement>;
          ╵                                           [32m^[0m


[31mX [41;31m[[41;97mERROR[41;31m][0m [1mTS1128: Declaration or statement expected.[0m [1m[35m[plugin angular-compiler][0m

    src/app/features/clubs/clubs.component.ts:153:2:
[37m      153 │   [32mprivate[37m readonly authService = inject(AuthService);
          ╵   [32m~~~~~~~[0m


[31mX [41;31m[[41;97mERROR[41;31m][0m [1mTS1128: Declaration or statement expected.[0m [1m[35m[plugin angular-compiler][0m

    src/app/features/clubs/clubs.component.ts:153:10:
[37m      153 │   private [32mreadonly[37m authService = inject(AuthService);
          ╵           [32m~~~~~~~~[0m


[31mX [41;31m[[41;97mERROR[41;31m][0m [1mTS2552: Cannot find name 'authService'. Did you mean 'AuthService'?[0m [1m[35m[plugin angular-compiler][0m

    src/app/features/clubs/clubs.component.ts:153:19:
[37m      153 │   private readonly [32mauthService[37m = inject(AuthService);
          ╵                    [32m~~~~~~~~~~~[0m


[31mX [41;31m[[41;97mERROR[41;31m][0m [1mTS1128: Declaration or statement expected.[0m [1m[35m[plugin angular-compiler][0m

    src/app/features/clubs/clubs.component.ts:154:2:
[37m      154 │   [32mprivate[37m messageCounter = 0;
          ╵   [32m~~~~~~~[0m


[31mX [41;31m[[41;97mERROR[41;31m][0m [1mTS2304: Cannot find name 'messageCounter'.[0m [1m[35m[plugin angular-compiler][0m

    src/app/features/clubs/clubs.component.ts:154:10:
[37m      154 │   private [32mmessageCounter[37m = 0;
          ╵           [32m~~~~~~~~~~~~~~[0m


[31mX [41;31m[[41;97mERROR[41;31m][0m [1mTS1128: Declaration or statement expected.[0m [1m[35m[plugin angular-compiler][0m

    src/app/features/clubs/clubs.component.ts:156:2:
[37m      156 │   [32mreadonly[37m clubs: ClubCard[] = [
          ╵   [32m~~~~~~~~[0m


[31mX [41;31m[[41;97mERROR[41;31m][0m [1mTS2693: 'ClubCard' only refers to a type, but is being used as a value here.[0m [1m[35m[plugin angular-compiler][0m

    src/app/features/clubs/clubs.component.ts:156:18:
[37m      156 │   readonly clubs: [32mClubCard[37m[] = [
          ╵                   [32m~~~~~~~~[0m


[31mX [41;31m[[41;97mERROR[41;31m][0m [1mTS1011: An element access expression should take an argument.[0m [1m[35m[plugin angular-compiler][0m

    src/app/features/clubs/clubs.component.ts:156:27:
[37m      156 │   readonly clubs: ClubCard[[32m[37m] = [
          ╵                            [32m^[0m


[31mX [41;31m[[41;97mERROR[41;31m][0m [1mTS1128: Declaration or statement expected.[0m [1m[35m[plugin angular-compiler][0m

    src/app/features/clubs/clubs.component.ts:183:2:
[37m      183 │   [32mreadonly[37m showEnglishChat = signal(false);
          ╵   [32m~~~~~~~~[0m


[31mX [41;31m[[41;97mERROR[41;31m][0m [1mTS2304: Cannot find name 'showEnglishChat'.[0m [1m[35m[plugin angular-compiler][0m

    src/app/features/clubs/clubs.component.ts:183:11:
[37m      183 │   readonly [32mshowEnglishChat[37m = signal(false);
          ╵            [32m~~~~~~~~~~~~~~~[0m


[31mX [41;31m[[41;97mERROR[41;31m][0m [1mTS1128: Declaration or statement expected.[0m [1m[35m[plugin angular-compiler][0m

    src/app/features/clubs/clubs.component.ts:184:2:
[37m      184 │   [32mreadonly[37m botTyping = signal(false);
          ╵   [32m~~~~~~~~[0m


[31mX [41;31m[[41;97mERROR[41;31m][0m [1mTS2304: Cannot find name 'botTyping'.[0m [1m[35m[plugin angular-compiler][0m

    src/app/features/clubs/clubs.component.ts:184:11:
[37m      184 │   readonly [32mbotTyping[37m = signal(false);
          ╵            [32m~~~~~~~~~[0m


[31mX [41;31m[[41;97mERROR[41;31m][0m [1mTS1128: Declaration or statement expected.[0m [1m[35m[plugin angular-compiler][0m

    src/app/features/clubs/clubs.component.ts:185:2:
[37m      185 │   [32mreadonly[37m chatMessages = signal<ChatMessage[]>([]);
          ╵   [32m~~~~~~~~[0m


[31mX [41;31m[[41;97mERROR[41;31m][0m [1mTS2304: Cannot find name 'chatMessages'.[0m [1m[35m[plugin angular-compiler][0m

    src/app/features/clubs/clubs.component.ts:185:11:
[37m      185 │   readonly [32mchatMessages[37m = signal<ChatMessage[]>([]);
          ╵            [32m~~~~~~~~~~~~[0m


[31mX [41;31m[[41;97mERROR[41;31m][0m [1mTS1128: Declaration or statement expected.[0m [1m[35m[plugin angular-compiler][0m

    src/app/features/clubs/clubs.component.ts:187:2:
[37m      187 │   [32mreadonly[37m quickPrompts = [
          ╵   [32m~~~~~~~~[0m


[31mX [41;31m[[41;97mERROR[41;31m][0m [1mTS2304: Cannot find name 'quickPrompts'.[0m [1m[35m[plugin angular-compiler][0m

    src/app/features/clubs/clubs.component.ts:187:11:
[37m      187 │   readonly [32mquickPrompts[37m = [
          ╵            [32m~~~~~~~~~~~~[0m


[31mX [41;31m[[41;97mERROR[41;31m][0m [1mTS2304: Cannot find name 'draftMessage'.[0m [1m[35m[plugin angular-compiler][0m

    src/app/features/clubs/clubs.component.ts:193:2:
[37m      193 │   [32mdraftMessage[37m = '';
          ╵   [32m~~~~~~~~~~~~[0m


[31mX [41;31m[[41;97mERROR[41;31m][0m [1mTS2304: Cannot find name 'openEnglishConversationChat'.[0m [1m[35m[plugin angular-compiler][0m

    src/app/features/clubs/clubs.component.ts:195:2:
[37m      195 │   [32mopenEnglishConversationChat[37m(): void {`r`n    this.showEnglishCh...
          ╵   [32m~~~~~~~~~~~~~~~~~~~~~~~~~~~[0m


[31mX [41;31m[[41;97mERROR[41;31m][0m [1mTS1005: ';' expected.[0m [1m[35m[plugin angular-compiler][0m

    src/app/features/clubs/clubs.component.ts:195:31:
[37m      195 │   openEnglishConversationChat()[32m:[37m void {`r`n    this.showEnglishCh...
          ╵                                [32m^[0m


[31mX [41;31m[[41;97mERROR[41;31m][0m [1mTS2349: This expression is not callable.
  Type '{}' has no call signatures.[0m [1m[35m[plugin angular-compiler][0m

    src/app/features/clubs/clubs.component.ts:195:38:
[37m      195 │ ...nglishConversationChat(): void [32m{[37m`r`n    this.showEnglishChat.s...
          ╵                                   [32m^[0m


[31mX [41;31m[[41;97mERROR[41;31m][0m [1mTS1136: Property assignment expected.[0m [1m[35m[plugin angular-compiler][0m

    src/app/features/clubs/clubs.component.ts:195:39:
[37m      195 │ ...lishConversationChat(): void {[32m`r`[37mn    this.showEnglishChat.set...
          ╵                                  [32m~~~[0m


[31mX [41;31m[[41;97mERROR[41;31m][0m [1mTS1005: ';' expected.[0m [1m[35m[plugin angular-compiler][0m

    src/app/features/clubs/clubs.component.ts:195:42:
[37m      195 │ ...shConversationChat(): void {`r`[32mn[37m    this.showEnglishChat.set(t...
          ╵                                   [32m^[0m


[31mX [41;31m[[41;97mERROR[41;31m][0m [1mTS2304: Cannot find name 'n'.[0m [1m[35m[plugin angular-compiler][0m

    src/app/features/clubs/clubs.component.ts:195:42:
[37m      195 │ ...shConversationChat(): void {`r`[32mn[37m    this.showEnglishChat.set(t...
          ╵                                   [32m^[0m


[31mX [41;31m[[41;97mERROR[41;31m][0m [1mTS2532: Object is possibly 'undefined'.[0m [1m[35m[plugin angular-compiler][0m

    src/app/features/clubs/clubs.component.ts:195:47:
[37m      195 │ ...rsationChat(): void {`r`n    [32mthis[37m.showEnglishChat.set(true);`r...
          ╵                                 [32m~~~~[0m


[31mX [41;31m[[41;97mERROR[41;31m][0m [1mTS1005: ';' expected.[0m [1m[35m[plugin angular-compiler][0m

    src/app/features/clubs/clubs.component.ts:195:81:
[37m      195 │ ...s.showEnglishChat.set(true);`r`[32mn[37m    setTimeout(() => {`r`n    ...
          ╵                                   [32m^[0m


[31mX [41;31m[[41;97mERROR[41;31m][0m [1mTS2304: Cannot find name 'n'.[0m [1m[35m[plugin angular-compiler][0m

    src/app/features/clubs/clubs.component.ts:195:81:
[37m      195 │ ...s.showEnglishChat.set(true);`r`[32mn[37m    setTimeout(() => {`r`n    ...
          ╵                                   [32m^[0m


[31mX [41;31m[[41;97mERROR[41;31m][0m [1mTS1005: ';' expected.[0m [1m[35m[plugin angular-compiler][0m

    src/app/features/clubs/clubs.component.ts:195:107:
[37m      195 │ ...);`r`n    setTimeout(() => {`r`[32mn[37m      this.englishChatPanel?.n...
          ╵                                   [32m^[0m


[31mX [41;31m[[41;97mERROR[41;31m][0m [1mTS2304: Cannot find name 'n'.[0m [1m[35m[plugin angular-compiler][0m

    src/app/features/clubs/clubs.component.ts:195:107:
[37m      195 │ ...);`r`n    setTimeout(() => {`r`[32mn[37m      this.englishChatPanel?.n...
          ╵                                   [32m^[0m


[31mX [41;31m[[41;97mERROR[41;31m][0m [1mTS2532: Object is possibly 'undefined'.[0m [1m[35m[plugin angular-compiler][0m

    src/app/features/clubs/clubs.component.ts:195:114:
[37m      195 │ ... setTimeout(() => {`r`n      [32mthis[37m.englishChatPanel?.nativeElem...
          ╵                                 [32m~~~~[0m


[31mX [41;31m[[41;97mERROR[41;31m][0m [1mTS1005: ';' expected.[0m [1m[35m[plugin angular-compiler][0m

    src/app/features/clubs/clubs.component.ts:195:209:
[37m      195 │ ...llIntoView({ behavior: 'smooth', block: 'start' });`r`[32mn[37m    }, 0);
          ╵                                                          [32m^[0m


[31mX [41;31m[[41;97mERROR[41;31m][0m [1mTS2304: Cannot find name 'n'.[0m [1m[35m[plugin angular-compiler][0m

    src/app/features/clubs/clubs.component.ts:195:209:
[37m      195 │ ...llIntoView({ behavior: 'smooth', block: 'start' });`r`[32mn[37m    }, 0);
          ╵                                                          [32m^[0m


[31mX [41;31m[[41;97mERROR[41;31m][0m [1mTS2532: Object is possibly 'undefined'.[0m [1m[35m[plugin angular-compiler][0m

    src/app/features/clubs/clubs.component.ts:196:8:
[37m      196 │     if ([32mthis[37m.chatMessages().length === 0) {
          ╵         [32m~~~~[0m


[31mX [41;31m[[41;97mERROR[41;31m][0m [1mTS2532: Object is possibly 'undefined'.[0m [1m[35m[plugin angular-compiler][0m

    src/app/features/clubs/clubs.component.ts:197:19:
[37m      197 │       const name = [32mthis[37m.getPreferredName();
          ╵                    [32m~~~~[0m


[31mX [41;31m[[41;97mERROR[41;31m][0m [1mTS2532: Object is possibly 'undefined'.[0m [1m[35m[plugin angular-compiler][0m

    src/app/features/clubs/clubs.component.ts:198:6:
[37m      198 │       [32mthis[37m.chatMessages.set([
          ╵       [32m~~~~[0m


[31mX [41;31m[[41;97mERROR[41;31m][0m [1mTS2532: Object is possibly 'undefined'.[0m [1m[35m[plugin angular-compiler][0m

    src/app/features/clubs/clubs.component.ts:199:8:
[37m      199 │         [32mthis[37m.createMessage(
          ╵         [32m~~~~[0m


[31mX [41;31m[[41;97mERROR[41;31m][0m [1mTS1128: Declaration or statement expected.[0m [1m[35m[plugin angular-compiler][0m

    src/app/features/clubs/clubs.component.ts:205:2:
[37m      205 │   [32m}[37m
          ╵   [32m^[0m


[31mX [41;31m[[41;97mERROR[41;31m][0m [1mTS2304: Cannot find name 'resetConversation'.[0m [1m[35m[plugin angular-compiler][0m

    src/app/features/clubs/clubs.component.ts:207:2:
[37m      207 │   [32mresetConversation[37m(): void {
          ╵   [32m~~~~~~~~~~~~~~~~~[0m


[31mX [41;31m[[41;97mERROR[41;31m][0m [1mTS1005: ';' expected.[0m [1m[35m[plugin angular-compiler][0m

    src/app/features/clubs/clubs.component.ts:207:21:
[37m      207 │   resetConversation()[32m:[37m void {
          ╵                      [32m^[0m


[31mX [41;31m[[41;97mERROR[41;31m][0m [1mTS1005: ':' expected.[0m [1m[35m[plugin angular-compiler][0m

    src/app/features/clubs/clubs.component.ts:208:8:
[37m      208 │     this[32m.[37mchatMessages.set([]);
          ╵         [32m^[0m


[31mX [41;31m[[41;97mERROR[41;31m][0m [1mTS1005: ',' expected.[0m [1m[35m[plugin angular-compiler][0m

    src/app/features/clubs/clubs.component.ts:208:29:
[37m      208 │     this.chatMessages.set([])[32m;[37m
          ╵                              [32m^[0m


[31mX [41;31m[[41;97mERROR[41;31m][0m [1mTS1005: ':' expected.[0m [1m[35m[plugin angular-compiler][0m

    src/app/features/clubs/clubs.component.ts:209:8:
[37m      209 │     this[32m.[37mbotTyping.set(false);
          ╵         [32m^[0m


[31mX [41;31m[[41;97mERROR[41;31m][0m [1mTS1005: ',' expected.[0m [1m[35m[plugin angular-compiler][0m

    src/app/features/clubs/clubs.component.ts:209:29:
[37m      209 │     this.botTyping.set(false)[32m;[37m
          ╵                              [32m^[0m


[31mX [41;31m[[41;97mERROR[41;31m][0m [1mTS1005: ':' expected.[0m [1m[35m[plugin angular-compiler][0m

    src/app/features/clubs/clubs.component.ts:210:8:
[37m      210 │     this[32m.[37mdraftMessage = '';
          ╵         [32m^[0m


[31mX [41;31m[[41;97mERROR[41;31m][0m [1mTS1005: ',' expected.[0m [1m[35m[plugin angular-compiler][0m

    src/app/features/clubs/clubs.component.ts:210:26:
[37m      210 │     this.draftMessage = ''[32m;[37m
          ╵                           [32m^[0m


[31mX [41;31m[[41;97mERROR[41;31m][0m [1mTS1005: ':' expected.[0m [1m[35m[plugin angular-compiler][0m

    src/app/features/clubs/clubs.component.ts:211:8:
[37m      211 │     this[32m.[37mopenEnglishConversationChat();
          ╵         [32m^[0m


[31mX [41;31m[[41;97mERROR[41;31m][0m [1mTS1005: ',' expected.[0m [1m[35m[plugin angular-compiler][0m

    src/app/features/clubs/clubs.component.ts:211:38:
[37m      211 │     this.openEnglishConversationChat()[32m;[37m
          ╵                                       [32m^[0m


[31mX [41;31m[[41;97mERROR[41;31m][0m [1mTS2304: Cannot find name 'applyQuickPrompt'.[0m [1m[35m[plugin angular-compiler][0m

    src/app/features/clubs/clubs.component.ts:214:2:
[37m      214 │   [32mapplyQuickPrompt[37m(prompt: string): void {
          ╵   [32m~~~~~~~~~~~~~~~~[0m


[31mX [41;31m[[41;97mERROR[41;31m][0m [1mTS1005: ',' expected.[0m [1m[35m[plugin angular-compiler][0m

    src/app/features/clubs/clubs.component.ts:214:25:
[37m      214 │   applyQuickPrompt(prompt[32m:[37m string): void {
          ╵                          [32m^[0m


[31mX [41;31m[[41;97mERROR[41;31m][0m [1mTS2693: 'string' only refers to a type, but is being used as a value here.[0m [1m[35m[plugin angular-compiler][0m

    src/app/features/clubs/clubs.component.ts:214:27:
[37m      214 │   applyQuickPrompt(prompt: [32mstring[37m): void {
          ╵                            [32m~~~~~~[0m


[31mX [41;31m[[41;97mERROR[41;31m][0m [1mTS1005: ';' expected.[0m [1m[35m[plugin angular-compiler][0m

    src/app/features/clubs/clubs.component.ts:214:34:
[37m      214 │   applyQuickPrompt(prompt: string)[32m:[37m void {
          ╵                                   [32m^[0m


[31mX [41;31m[[41;97mERROR[41;31m][0m [1mTS1005: ':' expected.[0m [1m[35m[plugin angular-compiler][0m

    src/app/features/clubs/clubs.component.ts:215:8:
[37m      215 │     this[32m.[37mdraftMessage = prompt;
          ╵         [32m^[0m


[31mX [41;31m[[41;97mERROR[41;31m][0m [1mTS1005: ',' expected.[0m [1m[35m[plugin angular-compiler][0m

    src/app/features/clubs/clubs.component.ts:215:30:
[37m      215 │     this.draftMessage = prompt[32m;[37m
          ╵                               [32m^[0m


[31mX [41;31m[[41;97mERROR[41;31m][0m [1mTS1005: ':' expected.[0m [1m[35m[plugin angular-compiler][0m

    src/app/features/clubs/clubs.component.ts:216:8:
[37m      216 │     this[32m.[37msendMessage();
          ╵         [32m^[0m


[31mX [41;31m[[41;97mERROR[41;31m][0m [1mTS1005: ',' expected.[0m [1m[35m[plugin angular-compiler][0m

    src/app/features/clubs/clubs.component.ts:216:22:
[37m      216 │     this.sendMessage()[32m;[37m
          ╵                       [32m^[0m


[31mX [41;31m[[41;97mERROR[41;31m][0m [1mTS2304: Cannot find name 'sendMessage'.[0m [1m[35m[plugin angular-compiler][0m

    src/app/features/clubs/clubs.component.ts:219:2:
[37m      219 │   [32msendMessage[37m(): void {
          ╵   [32m~~~~~~~~~~~[0m


[31mX [41;31m[[41;97mERROR[41;31m][0m [1mTS1005: ';' expected.[0m [1m[35m[plugin angular-compiler][0m

    src/app/features/clubs/clubs.component.ts:219:15:
[37m      219 │   sendMessage()[32m:[37m void {
          ╵                [32m^[0m


[31mX [41;31m[[41;97mERROR[41;31m][0m [1mTS2873: This kind of expression is always falsy.[0m [1m[35m[plugin angular-compiler][0m

    src/app/features/clubs/clubs.component.ts:219:17:
[37m      219 │   sendMessage(): [32mvoid {[37m
          ╵                  [32m~~~~~~[0m


[31mX [41;31m[[41;97mERROR[41;31m][0m [1mTS1005: ':' expected.[0m [1m[35m[plugin angular-compiler][0m

    src/app/features/clubs/clubs.component.ts:220:10:
[37m      220 │     const [32mtext[37m = this.draftMessage.trim();
          ╵           [32m~~~~[0m


[31mX [41;31m[[41;97mERROR[41;31m][0m [1mTS2304: Cannot find name 'text'.[0m [1m[35m[plugin angular-compiler][0m

    src/app/features/clubs/clubs.component.ts:220:10:
[37m      220 │     const [32mtext[37m = this.draftMessage.trim();
          ╵           [32m~~~~[0m


[31mX [41;31m[[41;97mERROR[41;31m][0m [1mTS2532: Object is possibly 'undefined'.[0m [1m[35m[plugin angular-compiler][0m

    src/app/features/clubs/clubs.component.ts:220:17:
[37m      220 │     const text = [32mthis[37m.draftMessage.trim();
          ╵                  [32m~~~~[0m


[31mX [41;31m[[41;97mERROR[41;31m][0m [1mTS1005: ',' expected.[0m [1m[35m[plugin angular-compiler][0m

    src/app/features/clubs/clubs.component.ts:220:41:
[37m      220 │     const text = this.draftMessage.trim()[32m;[37m
          ╵                                          [32m^[0m


[31mX [41;31m[[41;97mERROR[41;31m][0m [1mTS1003: Identifier expected.[0m [1m[35m[plugin angular-compiler][0m

    src/app/features/clubs/clubs.component.ts:221:8:
[37m      221 │     if ([32m![37mtext || this.botTyping()) {
          ╵         [32m^[0m


[31mX [41;31m[[41;97mERROR[41;31m][0m [1mTS7006: Parameter '(Missing)' implicitly has an 'any' type.[0m [1m[35m[plugin angular-compiler][0m

    src/app/features/clubs/clubs.component.ts:221:8:
[37m      221 │     if ([32m[37m!text || this.botTyping()) {
          ╵         [32m^[0m


[31mX [41;31m[[41;97mERROR[41;31m][0m [1mTS7006: Parameter 'text' implicitly has an 'any' type.[0m [1m[35m[plugin angular-compiler][0m

    src/app/features/clubs/clubs.component.ts:221:9:
[37m      221 │     if (![32mtext[37m || this.botTyping()) {
          ╵          [32m~~~~[0m


[31mX [41;31m[[41;97mERROR[41;31m][0m [1mTS1005: ',' expected.[0m [1m[35m[plugin angular-compiler][0m

    src/app/features/clubs/clubs.component.ts:221:14:
[37m      221 │     if (!text [32m||[37m this.botTyping()) {
          ╵               [32m~~[0m


[31mX [41;31m[[41;97mERROR[41;31m][0m [1mTS2532: Object is possibly 'undefined'.[0m [1m[35m[plugin angular-compiler][0m

    src/app/features/clubs/clubs.component.ts:221:17:
[37m      221 │     if (!text || [32mthis[37m.botTyping()) {
          ╵                  [32m~~~~[0m


[31mX [41;31m[[41;97mERROR[41;31m][0m [1mTS1005: ';' expected.[0m [1m[35m[plugin angular-compiler][0m

    src/app/features/clubs/clubs.component.ts:221:33:
[37m      221 │     if (!text || this.botTyping()[32m)[37m {
          ╵                                  [32m^[0m


[31mX [41;31m[[41;97mERROR[41;31m][0m [1mTS2532: Object is possibly 'undefined'.[0m [1m[35m[plugin angular-compiler][0m

    src/app/features/clubs/clubs.component.ts:225:4:
[37m      225 │     [32mthis[37m.chatMessages.update(messages => [...messages, this.creat...
          ╵     [32m~~~~[0m


[31mX [41;31m[[41;97mERROR[41;31m][0m [1mTS7006: Parameter 'messages' implicitly has an 'any' type.[0m [1m[35m[plugin angular-compiler][0m

    src/app/features/clubs/clubs.component.ts:225:29:
[37m      225 │     this.chatMessages.update([32mmessages[37m => [...messages, this.creat...
          ╵                              [32m~~~~~~~~[0m


[31mX [41;31m[[41;97mERROR[41;31m][0m [1mTS2532: Object is possibly 'undefined'.[0m [1m[35m[plugin angular-compiler][0m

    src/app/features/clubs/clubs.component.ts:225:55:
[37m      225 │ ...ate(messages => [...messages, [32mthis[37m.createMessage('user', text)]);
          ╵                                  [32m~~~~[0m


[31mX [41;31m[[41;97mERROR[41;31m][0m [1mTS2304: Cannot find name 'text'.[0m [1m[35m[plugin angular-compiler][0m

    src/app/features/clubs/clubs.component.ts:225:82:
[37m      225 │ ...ate(messages => [...messages, this.createMessage('user', [32mtext[37m)]);
          ╵                                                             [32m~~~~[0m


[31mX [41;31m[[41;97mERROR[41;31m][0m [1mTS2532: Object is possibly 'undefined'.[0m [1m[35m[plugin angular-compiler][0m

    src/app/features/clubs/clubs.component.ts:226:4:
[37m      226 │     [32mthis[37m.draftMessage = '';
          ╵     [32m~~~~[0m


[31mX [41;31m[[41;97mERROR[41;31m][0m [1mTS2532: Object is possibly 'undefined'.[0m [1m[35m[plugin angular-compiler][0m

    src/app/features/clubs/clubs.component.ts:227:4:
[37m      227 │     [32mthis[37m.botTyping.set(true);
          ╵     [32m~~~~[0m


[31mX [41;31m[[41;97mERROR[41;31m][0m [1mTS2532: Object is possibly 'undefined'.[0m [1m[35m[plugin angular-compiler][0m

    src/app/features/clubs/clubs.component.ts:229:21:
[37m      229 │     const response = [32mthis[37m.generateHumanLikeReply(text);
          ╵                      [32m~~~~[0m


[31mX [41;31m[[41;97mERROR[41;31m][0m [1mTS2304: Cannot find name 'text'.[0m [1m[35m[plugin angular-compiler][0m

    src/app/features/clubs/clubs.component.ts:229:49:
[37m      229 │     const response = this.generateHumanLikeReply([32mtext[37m);
          ╵                                                  [32m~~~~[0m


[31mX [41;31m[[41;97mERROR[41;31m][0m [1mTS2304: Cannot find name 'text'.[0m [1m[35m[plugin angular-compiler][0m

    src/app/features/clubs/clubs.component.ts:230:55:
[37m      230 │ ... delayMs = Math.max(650, Math.min(1900, 500 + [32mtext[37m.length * 18));
          ╵                                                  [32m~~~~[0m


[31mX [41;31m[[41;97mERROR[41;31m][0m [1mTS2532: Object is possibly 'undefined'.[0m [1m[35m[plugin angular-compiler][0m

    src/app/features/clubs/clubs.component.ts:233:6:
[37m      233 │       [32mthis[37m.chatMessages.update(messages => [...messages, this.cre...
          ╵       [32m~~~~[0m


[31mX [41;31m[[41;97mERROR[41;31m][0m [1mTS7006: Parameter 'messages' implicitly has an 'any' type.[0m [1m[35m[plugin angular-compiler][0m

    src/app/features/clubs/clubs.component.ts:233:31:
[37m      233 │ ...  this.chatMessages.update([32mmessages[37m => [...messages, this.crea...
          ╵                               [32m~~~~~~~~[0m


[31mX [41;31m[[41;97mERROR[41;31m][0m [1mTS2532: Object is possibly 'undefined'.[0m [1m[35m[plugin angular-compiler][0m

    src/app/features/clubs/clubs.component.ts:233:57:
[37m      233 │ ...te(messages => [...messages, [32mthis[37m.createMessage('bot', respons...
          ╵                                 [32m~~~~[0m


[31mX [41;31m[[41;97mERROR[41;31m][0m [1mTS2532: Object is possibly 'undefined'.[0m [1m[35m[plugin angular-compiler][0m

    src/app/features/clubs/clubs.component.ts:234:6:
[37m      234 │       [32mthis[37m.botTyping.set(false);
          ╵       [32m~~~~[0m


[31mX [41;31m[[41;97mERROR[41;31m][0m [1mTS1128: Declaration or statement expected.[0m [1m[35m[plugin angular-compiler][0m

    src/app/features/clubs/clubs.component.ts:236:2:
[37m      236 │   [32m}[37m
          ╵   [32m^[0m


[31mX [41;31m[[41;97mERROR[41;31m][0m [1mTS1128: Declaration or statement expected.[0m [1m[35m[plugin angular-compiler][0m

    src/app/features/clubs/clubs.component.ts:238:2:
[37m      238 │   [32mprivate[37m createMessage(role: 'user' | 'bot', text: string): Chat...
          ╵   [32m~~~~~~~[0m


[31mX [41;31m[[41;97mERROR[41;31m][0m [1mTS2304: Cannot find name 'createMessage'.[0m [1m[35m[plugin angular-compiler][0m

    src/app/features/clubs/clubs.component.ts:238:10:
[37m      238 │   private [32mcreateMessage[37m(role: 'user' | 'bot', text: string): Chat...
          ╵           [32m~~~~~~~~~~~~~[0m


[31mX [41;31m[[41;97mERROR[41;31m][0m [1mTS2304: Cannot find name 'role'.[0m [1m[35m[plugin angular-compiler][0m

    src/app/features/clubs/clubs.component.ts:238:24:
[37m      238 │   private createMessage([32mrole[37m: 'user' | 'bot', text: string): Chat...
          ╵                         [32m~~~~[0m


[31mX [41;31m[[41;97mERROR[41;31m][0m [1mTS1005: ',' expected.[0m [1m[35m[plugin angular-compiler][0m

    src/app/features/clubs/clubs.component.ts:238:28:
[37m      238 │   private createMessage(role[32m:[37m 'user' | 'bot', text: string): Chat...
          ╵                             [32m^[0m


[31mX [41;31m[[41;97mERROR[41;31m][0m [1mTS2362: The left-hand side of an arithmetic operation must be of type 'any', 'number', 'bigint' or an enum type.[0m [1m[35m[plugin angular-compiler][0m

    src/app/features/clubs/clubs.component.ts:238:30:
[37m      238 │   private createMessage(role: [32m'user'[37m | 'bot', text: string): Chat...
          ╵                               [32m~~~~~~[0m


[31mX [41;31m[[41;97mERROR[41;31m][0m [1mTS2363: The right-hand side of an arithmetic operation must be of type 'any', 'number', 'bigint' or an enum type.[0m [1m[35m[plugin angular-compiler][0m

    src/app/features/clubs/clubs.component.ts:238:39:
[37m      238 │ ... createMessage(role: 'user' | [32m'bot'[37m, text: string): ChatMessage {
          ╵                                  [32m~~~~~[0m


[31mX [41;31m[[41;97mERROR[41;31m][0m [1mTS2304: Cannot find name 'text'.[0m [1m[35m[plugin angular-compiler][0m

    src/app/features/clubs/clubs.component.ts:238:46:
[37m      238 │ ... createMessage(role: 'user' | 'bot', [32mtext[37m: string): ChatMessage {
          ╵                                         [32m~~~~[0m


[31mX [41;31m[[41;97mERROR[41;31m][0m [1mTS1005: ',' expected.[0m [1m[35m[plugin angular-compiler][0m

    src/app/features/clubs/clubs.component.ts:238:50:
[37m      238 │ ... createMessage(role: 'user' | 'bot', text[32m:[37m string): ChatMessage {
          ╵                                             [32m^[0m


[31mX [41;31m[[41;97mERROR[41;31m][0m [1mTS2693: 'string' only refers to a type, but is being used as a value here.[0m [1m[35m[plugin angular-compiler][0m

    src/app/features/clubs/clubs.component.ts:238:52:
[37m      238 │ ... createMessage(role: 'user' | 'bot', text: [32mstring[37m): ChatMessage {
          ╵                                               [32m~~~~~~[0m


[31mX [41;31m[[41;97mERROR[41;31m][0m [1mTS1005: ';' expected.[0m [1m[35m[plugin angular-compiler][0m

    src/app/features/clubs/clubs.component.ts:238:59:
[37m      238 │ ... createMessage(role: 'user' | 'bot', text: string)[32m:[37m ChatMessage {
          ╵                                                      [32m^[0m


[31mX [41;31m[[41;97mERROR[41;31m][0m [1mTS1434: Unexpected keyword or identifier.[0m [1m[35m[plugin angular-compiler][0m

    src/app/features/clubs/clubs.component.ts:238:61:
[37m      238 │ ... createMessage(role: 'user' | 'bot', text: string): [32mChatMessage[37m {
          ╵                                                        [32m~~~~~~~~~~~[0m


[31mX [41;31m[[41;97mERROR[41;31m][0m [1mTS2693: 'ChatMessage' only refers to a type, but is being used as a value here.[0m [1m[35m[plugin angular-compiler][0m

    src/app/features/clubs/clubs.component.ts:238:61:
[37m      238 │ ... createMessage(role: 'user' | 'bot', text: string): [32mChatMessage[37m {
          ╵                                                        [32m~~~~~~~~~~~[0m


[31mX [41;31m[[41;97mERROR[41;31m][0m [1mTS2532: Object is possibly 'undefined'.[0m [1m[35m[plugin angular-compiler][0m

    src/app/features/clubs/clubs.component.ts:239:4:
[37m      239 │     [32mthis[37m.messageCounter += 1;
          ╵     [32m~~~~[0m


[31mX [41;31m[[41;97mERROR[41;31m][0m [1mTS1128: Declaration or statement expected.[0m [1m[35m[plugin angular-compiler][0m

    src/app/features/clubs/clubs.component.ts:248:2:
[37m      248 │   [32mprivate[37m getPreferredName(): string {
          ╵   [32m~~~~~~~[0m


[31mX [41;31m[[41;97mERROR[41;31m][0m [1mTS2304: Cannot find name 'getPreferredName'.[0m [1m[35m[plugin angular-compiler][0m

    src/app/features/clubs/clubs.component.ts:248:10:
[37m      248 │   private [32mgetPreferredName[37m(): string {
          ╵           [32m~~~~~~~~~~~~~~~~[0m


[31mX [41;31m[[41;97mERROR[41;31m][0m [1mTS1005: ';' expected.[0m [1m[35m[plugin angular-compiler][0m

    src/app/features/clubs/clubs.component.ts:248:28:
[37m      248 │   private getPreferredName()[32m:[37m string {
          ╵                             [32m^[0m


[31mX [41;31m[[41;97mERROR[41;31m][0m [1mTS1434: Unexpected keyword or identifier.[0m [1m[35m[plugin angular-compiler][0m

    src/app/features/clubs/clubs.component.ts:248:30:
[37m      248 │   private getPreferredName(): [32mstring[37m {
          ╵                               [32m~~~~~~[0m


[31mX [41;31m[[41;97mERROR[41;31m][0m [1mTS2693: 'string' only refers to a type, but is being used as a value here.[0m [1m[35m[plugin angular-compiler][0m

    src/app/features/clubs/clubs.component.ts:248:30:
[37m      248 │   private getPreferredName(): [32mstring[37m {
          ╵                               [32m~~~~~~[0m


[31mX [41;31m[[41;97mERROR[41;31m][0m [1mTS2532: Object is possibly 'undefined'.[0m [1m[35m[plugin angular-compiler][0m

    src/app/features/clubs/clubs.component.ts:249:24:
[37m      249 │     const currentUser = [32mthis[37m.authService.currentUserValue;
          ╵                         [32m~~~~[0m


[31mX [41;31m[[41;97mERROR[41;31m][0m [1mTS1128: Declaration or statement expected.[0m [1m[35m[plugin angular-compiler][0m

    src/app/features/clubs/clubs.component.ts:257:2:
[37m      257 │   [32mprivate[37m generateHumanLikeReply(message: string): string {
          ╵   [32m~~~~~~~[0m


[31mX [41;31m[[41;97mERROR[41;31m][0m [1mTS2304: Cannot find name 'generateHumanLikeReply'.[0m [1m[35m[plugin angular-compiler][0m

    src/app/features/clubs/clubs.component.ts:257:10:
[37m      257 │   private [32mgenerateHumanLikeReply[37m(message: string): string {
          ╵           [32m~~~~~~~~~~~~~~~~~~~~~~[0m


[31mX [41;31m[[41;97mERROR[41;31m][0m [1mTS2304: Cannot find name 'message'.[0m [1m[35m[plugin angular-compiler][0m

    src/app/features/clubs/clubs.component.ts:257:33:
[37m      257 │   private generateHumanLikeReply([32mmessage[37m: string): string {
          ╵                                  [32m~~~~~~~[0m


[31mX [41;31m[[41;97mERROR[41;31m][0m [1mTS1005: ',' expected.[0m [1m[35m[plugin angular-compiler][0m

    src/app/features/clubs/clubs.component.ts:257:40:
[37m      257 │   private generateHumanLikeReply(message[32m:[37m string): string {
          ╵                                         [32m^[0m


[31mX [41;31m[[41;97mERROR[41;31m][0m [1mTS2693: 'string' only refers to a type, but is being used as a value here.[0m [1m[35m[plugin angular-compiler][0m

    src/app/features/clubs/clubs.component.ts:257:42:
[37m      257 │   private generateHumanLikeReply(message: [32mstring[37m): string {
          ╵                                           [32m~~~~~~[0m


[31mX [41;31m[[41;97mERROR[41;31m][0m [1mTS1005: ';' expected.[0m [1m[35m[plugin angular-compiler][0m

    src/app/features/clubs/clubs.component.ts:257:49:
[37m      257 │   private generateHumanLikeReply(message: string)[32m:[37m string {
          ╵                                                  [32m^[0m


[31mX [41;31m[[41;97mERROR[41;31m][0m [1mTS1434: Unexpected keyword or identifier.[0m [1m[35m[plugin angular-compiler][0m

    src/app/features/clubs/clubs.component.ts:257:51:
[37m      257 │   private generateHumanLikeReply(message: string): [32mstring[37m {
          ╵                                                    [32m~~~~~~[0m


[31mX [41;31m[[41;97mERROR[41;31m][0m [1mTS2693: 'string' only refers to a type, but is being used as a value here.[0m [1m[35m[plugin angular-compiler][0m

    src/app/features/clubs/clubs.component.ts:257:51:
[37m      257 │   private generateHumanLikeReply(message: string): [32mstring[37m {
          ╵                                                    [32m~~~~~~[0m


[31mX [41;31m[[41;97mERROR[41;31m][0m [1mTS2304: Cannot find name 'message'.[0m [1m[35m[plugin angular-compiler][0m

    src/app/features/clubs/clubs.component.ts:258:17:
[37m      258 │     const text = [32mmessage[37m.toLowerCase();
          ╵                  [32m~~~~~~~[0m


[31mX [41;31m[[41;97mERROR[41;31m][0m [1mTS2532: Object is possibly 'undefined'.[0m [1m[35m[plugin angular-compiler][0m

    src/app/features/clubs/clubs.component.ts:260:8:
[37m      260 │     if ([32mthis[37m.isGreeting(text)) {
          ╵         [32m~~~~[0m


[31mX [41;31m[[41;97mERROR[41;31m][0m [1mTS1128: Declaration or statement expected.[0m [1m[35m[plugin angular-compiler][0m

    src/app/features/clubs/clubs.component.ts:303:2:
[37m      303 │   [32mprivate[37m buildGrammarReply(originalMessage: string): string {
          ╵   [32m~~~~~~~[0m


[31mX [41;31m[[41;97mERROR[41;31m][0m [1mTS2304: Cannot find name 'buildGrammarReply'.[0m [1m[35m[plugin angular-compiler][0m

    src/app/features/clubs/clubs.component.ts:303:10:
[37m      303 │   private [32mbuildGrammarReply[37m(originalMessage: string): string {
          ╵           [32m~~~~~~~~~~~~~~~~~[0m


[31mX [41;31m[[41;97mERROR[41;31m][0m [1mTS2304: Cannot find name 'originalMessage'.[0m [1m[35m[plugin angular-compiler][0m

    src/app/features/clubs/clubs.component.ts:303:28:
[37m      303 │   private buildGrammarReply([32moriginalMessage[37m: string): string {
          ╵                             [32m~~~~~~~~~~~~~~~[0m


[31mX [41;31m[[41;97mERROR[41;31m][0m [1mTS1005: ',' expected.[0m [1m[35m[plugin angular-compiler][0m

    src/app/features/clubs/clubs.component.ts:303:43:
[37m      303 │   private buildGrammarReply(originalMessage[32m:[37m string): string {
          ╵                                            [32m^[0m


[31mX [41;31m[[41;97mERROR[41;31m][0m [1mTS2693: 'string' only refers to a type, but is being used as a value here.[0m [1m[35m[plugin angular-compiler][0m

    src/app/features/clubs/clubs.component.ts:303:45:
[37m      303 │   private buildGrammarReply(originalMessage: [32mstring[37m): string {
          ╵                                              [32m~~~~~~[0m


[31mX [41;31m[[41;97mERROR[41;31m][0m [1mTS1005: ';' expected.[0m [1m[35m[plugin angular-compiler][0m

    src/app/features/clubs/clubs.component.ts:303:52:
[37m      303 │   private buildGrammarReply(originalMessage: string)[32m:[37m string {
          ╵                                                     [32m^[0m


[31mX [41;31m[[41;97mERROR[41;31m][0m [1mTS1434: Unexpected keyword or identifier.[0m [1m[35m[plugin angular-compiler][0m

    src/app/features/clubs/clubs.component.ts:303:54:
[37m      303 │   private buildGrammarReply(originalMessage: string): [32mstring[37m {
          ╵                                                       [32m~~~~~~[0m


[31mX [41;31m[[41;97mERROR[41;31m][0m [1mTS2693: 'string' only refers to a type, but is being used as a value here.[0m [1m[35m[plugin angular-compiler][0m

    src/app/features/clubs/clubs.component.ts:303:54:
[37m      303 │   private buildGrammarReply(originalMessage: string): [32mstring[37m {
          ╵                                                       [32m~~~~~~[0m


[31mX [41;31m[[41;97mERROR[41;31m][0m [1mTS2304: Cannot find name 'originalMessage'.[0m [1m[35m[plugin angular-compiler][0m

    src/app/features/clubs/clubs.component.ts:304:18:
[37m      304 │     const clean = [32moriginalMessage[37m.trim();
          ╵                   [32m~~~~~~~~~~~~~~~[0m


[31mX [41;31m[[41;97mERROR[41;31m][0m [1mTS1128: Declaration or statement expected.[0m [1m[35m[plugin angular-compiler][0m

    src/app/features/clubs/clubs.component.ts:315:2:
[37m      315 │   [32mprivate[37m isGreeting(text: string): boolean {
          ╵   [32m~~~~~~~[0m


[31mX [41;31m[[41;97mERROR[41;31m][0m [1mTS2304: Cannot find name 'isGreeting'.[0m [1m[35m[plugin angular-compiler][0m

    src/app/features/clubs/clubs.component.ts:315:10:
[37m      315 │   private [32misGreeting[37m(text: string): boolean {
          ╵           [32m~~~~~~~~~~[0m


[31mX [41;31m[[41;97mERROR[41;31m][0m [1mTS2304: Cannot find name 'text'.[0m [1m[35m[plugin angular-compiler][0m

    src/app/features/clubs/clubs.component.ts:315:21:
[37m      315 │   private isGreeting([32mtext[37m: string): boolean {
          ╵                      [32m~~~~[0m


[31mX [41;31m[[41;97mERROR[41;31m][0m [1mTS1005: ',' expected.[0m [1m[35m[plugin angular-compiler][0m

    src/app/features/clubs/clubs.component.ts:315:25:
[37m      315 │   private isGreeting(text[32m:[37m string): boolean {
          ╵                          [32m^[0m


[31mX [41;31m[[41;97mERROR[41;31m][0m [1mTS2693: 'string' only refers to a type, but is being used as a value here.[0m [1m[35m[plugin angular-compiler][0m

    src/app/features/clubs/clubs.component.ts:315:27:
[37m      315 │   private isGreeting(text: [32mstring[37m): boolean {
          ╵                            [32m~~~~~~[0m


[31mX [41;31m[[41;97mERROR[41;31m][0m [1mTS1005: ';' expected.[0m [1m[35m[plugin angular-compiler][0m

    src/app/features/clubs/clubs.component.ts:315:34:
[37m      315 │   private isGreeting(text: string)[32m:[37m boolean {
          ╵                                   [32m^[0m


[31mX [41;31m[[41;97mERROR[41;31m][0m [1mTS1434: Unexpected keyword or identifier.[0m [1m[35m[plugin angular-compiler][0m

    src/app/features/clubs/clubs.component.ts:315:36:
[37m      315 │   private isGreeting(text: string): [32mboolean[37m {
          ╵                                     [32m~~~~~~~[0m


[31mX [41;31m[[41;97mERROR[41;31m][0m [1mTS2693: 'boolean' only refers to a type, but is being used as a value here.[0m [1m[35m[plugin angular-compiler][0m

    src/app/features/clubs/clubs.component.ts:315:36:
[37m      315 │   private isGreeting(text: string): [32mboolean[37m {
          ╵                                     [32m~~~~~~~[0m


[31mX [41;31m[[41;97mERROR[41;31m][0m [1mTS1128: Declaration or statement expected.[0m [1m[35m[plugin angular-compiler][0m

    src/app/features/clubs/clubs.component.ts:319:2:
[37m      319 │   [32mprivate[37m naturalMirror(input: string): string {
          ╵   [32m~~~~~~~[0m


[31mX [41;31m[[41;97mERROR[41;31m][0m [1mTS2304: Cannot find name 'naturalMirror'.[0m [1m[35m[plugin angular-compiler][0m

    src/app/features/clubs/clubs.component.ts:319:10:
[37m      319 │   private [32mnaturalMirror[37m(input: string): string {
          ╵           [32m~~~~~~~~~~~~~[0m


[31mX [41;31m[[41;97mERROR[41;31m][0m [1mTS2304: Cannot find name 'input'.[0m [1m[35m[plugin angular-compiler][0m

    src/app/features/clubs/clubs.component.ts:319:24:
[37m      319 │   private naturalMirror([32minput[37m: string): string {
          ╵                         [32m~~~~~[0m


[31mX [41;31m[[41;97mERROR[41;31m][0m [1mTS1005: ',' expected.[0m [1m[35m[plugin angular-compiler][0m

    src/app/features/clubs/clubs.component.ts:319:29:
[37m      319 │   private naturalMirror(input[32m:[37m string): string {
          ╵                              [32m^[0m


[31mX [41;31m[[41;97mERROR[41;31m][0m [1mTS2693: 'string' only refers to a type, but is being used as a value here.[0m [1m[35m[plugin angular-compiler][0m

    src/app/features/clubs/clubs.component.ts:319:31:
[37m      319 │   private naturalMirror(input: [32mstring[37m): string {
          ╵                                [32m~~~~~~[0m


[31mX [41;31m[[41;97mERROR[41;31m][0m [1mTS1005: ';' expected.[0m [1m[35m[plugin angular-compiler][0m

    src/app/features/clubs/clubs.component.ts:319:38:
[37m      319 │   private naturalMirror(input: string)[32m:[37m string {
          ╵                                       [32m^[0m


[31mX [41;31m[[41;97mERROR[41;31m][0m [1mTS1434: Unexpected keyword or identifier.[0m [1m[35m[plugin angular-compiler][0m

    src/app/features/clubs/clubs.component.ts:319:40:
[37m      319 │   private naturalMirror(input: string): [32mstring[37m {
          ╵                                         [32m~~~~~~[0m


[31mX [41;31m[[41;97mERROR[41;31m][0m [1mTS2693: 'string' only refers to a type, but is being used as a value here.[0m [1m[35m[plugin angular-compiler][0m

    src/app/features/clubs/clubs.component.ts:319:40:
[37m      319 │   private naturalMirror(input: string): [32mstring[37m {
          ╵                                         [32m~~~~~~[0m


[31mX [41;31m[[41;97mERROR[41;31m][0m [1mTS2304: Cannot find name 'input'.[0m [1m[35m[plugin angular-compiler][0m

    src/app/features/clubs/clubs.component.ts:320:20:
[37m      320 │     const compact = [32minput[37m.replace(/\s+/g, ' ').trim();
          ╵                     [32m~~~~~[0m


[31mX [41;31m[[41;97mERROR[41;31m][0m [1mTS1128: Declaration or statement expected.[0m [1m[35m[plugin angular-compiler][0m

    src/app/features/clubs/clubs.component.ts:327:2:
[37m      327 │   [32mprivate[37m pick(options: string[]): string {
          ╵   [32m~~~~~~~[0m


[31mX [41;31m[[41;97mERROR[41;31m][0m [1mTS2304: Cannot find name 'pick'.[0m [1m[35m[plugin angular-compiler][0m

    src/app/features/clubs/clubs.component.ts:327:10:
[37m      327 │   private [32mpick[37m(options: string[]): string {
          ╵           [32m~~~~[0m


[31mX [41;31m[[41;97mERROR[41;31m][0m [1mTS2304: Cannot find name 'options'.[0m [1m[35m[plugin angular-compiler][0m

    src/app/features/clubs/clubs.component.ts:327:15:
[37m      327 │   private pick([32moptions[37m: string[]): string {
          ╵                [32m~~~~~~~[0m


[31mX [41;31m[[41;97mERROR[41;31m][0m [1mTS1005: ',' expected.[0m [1m[35m[plugin angular-compiler][0m

    src/app/features/clubs/clubs.component.ts:327:22:
[37m      327 │   private pick(options[32m:[37m string[]): string {
          ╵                       [32m^[0m


[31mX [41;31m[[41;97mERROR[41;31m][0m [1mTS2693: 'string' only refers to a type, but is being used as a value here.[0m [1m[35m[plugin angular-compiler][0m

    src/app/features/clubs/clubs.component.ts:327:24:
[37m      327 │   private pick(options: [32mstring[37m[]): string {
          ╵                         [32m~~~~~~[0m


[31mX [41;31m[[41;97mERROR[41;31m][0m [1mTS1011: An element access expression should take an argument.[0m [1m[35m[plugin angular-compiler][0m

    src/app/features/clubs/clubs.component.ts:327:31:
[37m      327 │   private pick(options: string[[32m[37m]): string {
          ╵                                [32m^[0m


[31mX [41;31m[[41;97mERROR[41;31m][0m [1mTS1005: ';' expected.[0m [1m[35m[plugin angular-compiler][0m

    src/app/features/clubs/clubs.component.ts:327:33:
[37m      327 │   private pick(options: string[])[32m:[37m string {
          ╵                                  [32m^[0m


[31mX [41;31m[[41;97mERROR[41;31m][0m [1mTS1434: Unexpected keyword or identifier.[0m [1m[35m[plugin angular-compiler][0m

    src/app/features/clubs/clubs.component.ts:327:35:
[37m      327 │   private pick(options: string[]): [32mstring[37m {
          ╵                                    [32m~~~~~~[0m


[31mX [41;31m[[41;97mERROR[41;31m][0m [1mTS2693: 'string' only refers to a type, but is being used as a value here.[0m [1m[35m[plugin angular-compiler][0m

    src/app/features/clubs/clubs.component.ts:327:35:
[37m      327 │   private pick(options: string[]): [32mstring[37m {
          ╵                                    [32m~~~~~~[0m


[31mX [41;31m[[41;97mERROR[41;31m][0m [1mTS1128: Declaration or statement expected.[0m [1m[35m[plugin angular-compiler][0m

    src/app/features/clubs/clubs.component.ts:330:0:
[37m      330 │ [32m}[37m
          ╵ [32m^[0m


[31mX [41;31m[[41;97mERROR[41;31m][0m [1mUnexpected ":"[0m

    src/app/features/clubs/clubs.component.ts:275:20:
[37m      275 │ englishChatPanel ?  [32m:[37m ElementRef;
          ╵                     [32m^[0m

[39m[22m
[1m[33m[33m▲ [43;33m[[43;30mWARNING[43;33m][0m [1mNG8107: The left side of this optional chain operation does not include 'null' or 'undefined' in its type, therefore the '?.' operator can be replaced with the '.' operator.[0m [1m[35m[plugin angular-compiler][0m

    src/app/features/dashboard/student-dashboard/student-dashboard.component.ts:145:90:
[37m      145 │ ...ss="text-gray-400 italic">By {{ course.instructor?.[32mname[37m }}</span>
          ╵                                                       [32m~~~~[0m


[33m▲ [43;33m[[43;30mWARNING[43;33m][0m [1mNG8102: The left side of this nullish coalescing operation does not include 'null' or 'undefined' in its type, therefore the '??' operator can be safely removed.[0m [1m[35m[plugin angular-compiler][0m

    src/app/features/events/instructor-events/instructor-events.component.ts:92:30:
[37m      92 │ ...              {{ ([32mevent.event_title ?? 'Event'[37m).slice(0, 2).toU...
         ╵                      [32m~~~~~~~~~~~~~~~~~~~~~~~~~~~~[0m


[33m▲ [43;33m[[43;30mWARNING[43;33m][0m [1mNG8102: The left side of this nullish coalescing operation does not include 'null' or 'undefined' in its type, therefore the '??' operator can be safely removed.[0m [1m[35m[plugin angular-compiler][0m

    src/app/features/events/student-joined-events/student-joined-events.component.ts:100:30:
[37m      100 │ ...             {{ ([32mevent.event_title ?? 'Event'[37m).slice(0, 2).toU...
          ╵                     [32m~~~~~~~~~~~~~~~~~~~~~~~~~~~~[0m

[39m[22m
[1m[33m[33m▲ [43;33m[[43;30mWARNING[43;33m][0m [1mNG8107: The left side of this optional chain operation does not include 'null' or 'undefined' in its type, therefore the '?.' operator can be replaced with the '.' operator.[0m [1m[35m[plugin angular-compiler][0m

    src/app/features/dashboard/student-dashboard/student-dashboard.component.ts:145:90:
[37m      145 │ ...ss="text-gray-400 italic">By {{ course.instructor?.[32mname[37m }}</span>
          ╵                                                       [32m~~~~[0m


[33m▲ [43;33m[[43;30mWARNING[43;33m][0m [1mNG8102: The left side of this nullish coalescing operation does not include 'null' or 'undefined' in its type, therefore the '??' operator can be safely removed.[0m [1m[35m[plugin angular-compiler][0m

    src/app/features/events/instructor-events/instructor-events.component.ts:92:30:
[37m      92 │ ...              {{ ([32mevent.event_title ?? 'Event'[37m).slice(0, 2).toU...
         ╵                      [32m~~~~~~~~~~~~~~~~~~~~~~~~~~~~[0m


[33m▲ [43;33m[[43;30mWARNING[43;33m][0m [1mNG8102: The left side of this nullish coalescing operation does not include 'null' or 'undefined' in its type, therefore the '??' operator can be safely removed.[0m [1m[35m[plugin angular-compiler][0m

    src/app/features/events/student-joined-events/student-joined-events.component.ts:100:30:
[37m      100 │ ...             {{ ([32mevent.event_title ?? 'Event'[37m).slice(0, 2).toU...
          ╵                     [32m~~~~~~~~~~~~~~~~~~~~~~~~~~~~[0m

[39m[22m
[1m[33m[33m▲ [43;33m[[43;30mWARNING[43;33m][0m [1mNG8107: The left side of this optional chain operation does not include 'null' or 'undefined' in its type, therefore the '?.' operator can be replaced with the '.' operator.[0m [1m[35m[plugin angular-compiler][0m

    src/app/features/dashboard/student-dashboard/student-dashboard.component.ts:145:90:
[37m      145 │ ...ss="text-gray-400 italic">By {{ course.instructor?.[32mname[37m }}</span>
          ╵                                                       [32m~~~~[0m


[33m▲ [43;33m[[43;30mWARNING[43;33m][0m [1mNG8102: The left side of this nullish coalescing operation does not include 'null' or 'undefined' in its type, therefore the '??' operator can be safely removed.[0m [1m[35m[plugin angular-compiler][0m

    src/app/features/events/instructor-events/instructor-events.component.ts:92:30:
[37m      92 │ ...              {{ ([32mevent.event_title ?? 'Event'[37m).slice(0, 2).toU...
         ╵                      [32m~~~~~~~~~~~~~~~~~~~~~~~~~~~~[0m


[33m▲ [43;33m[[43;30mWARNING[43;33m][0m [1mNG8102: The left side of this nullish coalescing operation does not include 'null' or 'undefined' in its type, therefore the '??' operator can be safely removed.[0m [1m[35m[plugin angular-compiler][0m

    src/app/features/events/student-joined-events/student-joined-events.component.ts:100:30:
[37m      100 │ ...             {{ ([32mevent.event_title ?? 'Event'[37m).slice(0, 2).toU...
          ╵                     [32m~~~~~~~~~~~~~~~~~~~~~~~~~~~~[0m

[39m[22m
[1m[33m[33m▲ [43;33m[[43;30mWARNING[43;33m][0m [1mNG8107: The left side of this optional chain operation does not include 'null' or 'undefined' in its type, therefore the '?.' operator can be replaced with the '.' operator.[0m [1m[35m[plugin angular-compiler][0m

    src/app/features/dashboard/student-dashboard/student-dashboard.component.ts:145:90:
[37m      145 │ ...ss="text-gray-400 italic">By {{ course.instructor?.[32mname[37m }}</span>
          ╵                                                       [32m~~~~[0m


[33m▲ [43;33m[[43;30mWARNING[43;33m][0m [1mNG8102: The left side of this nullish coalescing operation does not include 'null' or 'undefined' in its type, therefore the '??' operator can be safely removed.[0m [1m[35m[plugin angular-compiler][0m

    src/app/features/events/instructor-events/instructor-events.component.ts:92:30:
[37m      92 │ ...              {{ ([32mevent.event_title ?? 'Event'[37m).slice(0, 2).toU...
         ╵                      [32m~~~~~~~~~~~~~~~~~~~~~~~~~~~~[0m


[33m▲ [43;33m[[43;30mWARNING[43;33m][0m [1mNG8102: The left side of this nullish coalescing operation does not include 'null' or 'undefined' in its type, therefore the '??' operator can be safely removed.[0m [1m[35m[plugin angular-compiler][0m

    src/app/features/events/student-joined-events/student-joined-events.component.ts:100:30:
[37m      100 │ ...             {{ ([32mevent.event_title ?? 'Event'[37m).slice(0, 2).toU...
          ╵                     [32m~~~~~~~~~~~~~~~~~~~~~~~~~~~~[0m

[39m[22m
[1m[33m[33m▲ [43;33m[[43;30mWARNING[43;33m][0m [1mNG8107: The left side of this optional chain operation does not include 'null' or 'undefined' in its type, therefore the '?.' operator can be replaced with the '.' operator.[0m [1m[35m[plugin angular-compiler][0m

    src/app/features/dashboard/student-dashboard/student-dashboard.component.ts:145:90:
[37m      145 │ ...ss="text-gray-400 italic">By {{ course.instructor?.[32mname[37m }}</span>
          ╵                                                       [32m~~~~[0m


[33m▲ [43;33m[[43;30mWARNING[43;33m][0m [1mNG8102: The left side of this nullish coalescing operation does not include 'null' or 'undefined' in its type, therefore the '??' operator can be safely removed.[0m [1m[35m[plugin angular-compiler][0m

    src/app/features/events/instructor-events/instructor-events.component.ts:92:30:
[37m      92 │ ...              {{ ([32mevent.event_title ?? 'Event'[37m).slice(0, 2).toU...
         ╵                      [32m~~~~~~~~~~~~~~~~~~~~~~~~~~~~[0m


[33m▲ [43;33m[[43;30mWARNING[43;33m][0m [1mNG8102: The left side of this nullish coalescing operation does not include 'null' or 'undefined' in its type, therefore the '??' operator can be safely removed.[0m [1m[35m[plugin angular-compiler][0m

    src/app/features/events/student-joined-events/student-joined-events.component.ts:100:30:
[37m      100 │ ...             {{ ([32mevent.event_title ?? 'Event'[37m).slice(0, 2).toU...
          ╵                     [32m~~~~~~~~~~~~~~~~~~~~~~~~~~~~[0m

[39m[22m
[1m[33m[33m▲ [43;33m[[43;30mWARNING[43;33m][0m [1mNG8107: The left side of this optional chain operation does not include 'null' or 'undefined' in its type, therefore the '?.' operator can be replaced with the '.' operator.[0m [1m[35m[plugin angular-compiler][0m

    src/app/features/dashboard/student-dashboard/student-dashboard.component.ts:145:90:
[37m      145 │ ...ss="text-gray-400 italic">By {{ course.instructor?.[32mname[37m }}</span>
          ╵                                                       [32m~~~~[0m


[33m▲ [43;33m[[43;30mWARNING[43;33m][0m [1mNG8102: The left side of this nullish coalescing operation does not include 'null' or 'undefined' in its type, therefore the '??' operator can be safely removed.[0m [1m[35m[plugin angular-compiler][0m

    src/app/features/events/instructor-events/instructor-events.component.ts:92:30:
[37m      92 │ ...              {{ ([32mevent.event_title ?? 'Event'[37m).slice(0, 2).toU...
         ╵                      [32m~~~~~~~~~~~~~~~~~~~~~~~~~~~~[0m


[33m▲ [43;33m[[43;30mWARNING[43;33m][0m [1mNG8102: The left side of this nullish coalescing operation does not include 'null' or 'undefined' in its type, therefore the '??' operator can be safely removed.[0m [1m[35m[plugin angular-compiler][0m

    src/app/features/events/student-joined-events/student-joined-events.component.ts:100:30:
[37m      100 │ ...             {{ ([32mevent.event_title ?? 'Event'[37m).slice(0, 2).toU...
          ╵                     [32m~~~~~~~~~~~~~~~~~~~~~~~~~~~~[0m

[39m[22m
[1m[33m[33m▲ [43;33m[[43;30mWARNING[43;33m][0m [1mNG8107: The left side of this optional chain operation does not include 'null' or 'undefined' in its type, therefore the '?.' operator can be replaced with the '.' operator.[0m [1m[35m[plugin angular-compiler][0m

    src/app/features/dashboard/student-dashboard/student-dashboard.component.ts:145:90:
[37m      145 │ ...ss="text-gray-400 italic">By {{ course.instructor?.[32mname[37m }}</span>
          ╵                                                       [32m~~~~[0m


[33m▲ [43;33m[[43;30mWARNING[43;33m][0m [1mNG8102: The left side of this nullish coalescing operation does not include 'null' or 'undefined' in its type, therefore the '??' operator can be safely removed.[0m [1m[35m[plugin angular-compiler][0m

    src/app/features/events/instructor-events/instructor-events.component.ts:92:30:
[37m      92 │ ...              {{ ([32mevent.event_title ?? 'Event'[37m).slice(0, 2).toU...
         ╵                      [32m~~~~~~~~~~~~~~~~~~~~~~~~~~~~[0m


[33m▲ [43;33m[[43;30mWARNING[43;33m][0m [1mNG8102: The left side of this nullish coalescing operation does not include 'null' or 'undefined' in its type, therefore the '??' operator can be safely removed.[0m [1m[35m[plugin angular-compiler][0m

    src/app/features/events/student-joined-events/student-joined-events.component.ts:100:30:
[37m      100 │ ...             {{ ([32mevent.event_title ?? 'Event'[37m).slice(0, 2).toU...
          ╵                     [32m~~~~~~~~~~~~~~~~~~~~~~~~~~~~[0m

[39m[22m
[1m[33m[33m▲ [43;33m[[43;30mWARNING[43;33m][0m [1mNG8107: The left side of this optional chain operation does not include 'null' or 'undefined' in its type, therefore the '?.' operator can be replaced with the '.' operator.[0m [1m[35m[plugin angular-compiler][0m

    src/app/features/dashboard/student-dashboard/student-dashboard.component.ts:145:90:
[37m      145 │ ...ss="text-gray-400 italic">By {{ course.instructor?.[32mname[37m }}</span>
          ╵                                                       [32m~~~~[0m


[33m▲ [43;33m[[43;30mWARNING[43;33m][0m [1mNG8102: The left side of this nullish coalescing operation does not include 'null' or 'undefined' in its type, therefore the '??' operator can be safely removed.[0m [1m[35m[plugin angular-compiler][0m

    src/app/features/events/instructor-events/instructor-events.component.ts:92:30:
[37m      92 │ ...              {{ ([32mevent.event_title ?? 'Event'[37m).slice(0, 2).toU...
         ╵                      [32m~~~~~~~~~~~~~~~~~~~~~~~~~~~~[0m


[33m▲ [43;33m[[43;30mWARNING[43;33m][0m [1mNG8102: The left side of this nullish coalescing operation does not include 'null' or 'undefined' in its type, therefore the '??' operator can be safely removed.[0m [1m[35m[plugin angular-compiler][0m

    src/app/features/events/student-joined-events/student-joined-events.component.ts:100:30:
[37m      100 │ ...             {{ ([32mevent.event_title ?? 'Event'[37m).slice(0, 2).toU...
          ╵                     [32m~~~~~~~~~~~~~~~~~~~~~~~~~~~~[0m

[39m[22m
[1m[33m[33m▲ [43;33m[[43;30mWARNING[43;33m][0m [1mNG8107: The left side of this optional chain operation does not include 'null' or 'undefined' in its type, therefore the '?.' operator can be replaced with the '.' operator.[0m [1m[35m[plugin angular-compiler][0m

    src/app/features/dashboard/student-dashboard/student-dashboard.component.ts:145:90:
[37m      145 │ ...ss="text-gray-400 italic">By {{ course.instructor?.[32mname[37m }}</span>
          ╵                                                       [32m~~~~[0m


[33m▲ [43;33m[[43;30mWARNING[43;33m][0m [1mNG8102: The left side of this nullish coalescing operation does not include 'null' or 'undefined' in its type, therefore the '??' operator can be safely removed.[0m [1m[35m[plugin angular-compiler][0m

    src/app/features/events/instructor-events/instructor-events.component.ts:92:30:
[37m      92 │ ...              {{ ([32mevent.event_title ?? 'Event'[37m).slice(0, 2).toU...
         ╵                      [32m~~~~~~~~~~~~~~~~~~~~~~~~~~~~[0m


[33m▲ [43;33m[[43;30mWARNING[43;33m][0m [1mNG8102: The left side of this nullish coalescing operation does not include 'null' or 'undefined' in its type, therefore the '??' operator can be safely removed.[0m [1m[35m[plugin angular-compiler][0m

    src/app/features/events/student-joined-events/student-joined-events.component.ts:100:30:
[37m      100 │ ...             {{ ([32mevent.event_title ?? 'Event'[37m).slice(0, 2).toU...
          ╵                     [32m~~~~~~~~~~~~~~~~~~~~~~~~~~~~[0m

[39m[22m
[1m[33m[33m▲ [43;33m[[43;30mWARNING[43;33m][0m [1mNG8107: The left side of this optional chain operation does not include 'null' or 'undefined' in its type, therefore the '?.' operator can be replaced with the '.' operator.[0m [1m[35m[plugin angular-compiler][0m

    src/app/features/dashboard/student-dashboard/student-dashboard.component.ts:145:90:
[37m      145 │ ...ss="text-gray-400 italic">By {{ course.instructor?.[32mname[37m }}</span>
          ╵                                                       [32m~~~~[0m


[33m▲ [43;33m[[43;30mWARNING[43;33m][0m [1mNG8102: The left side of this nullish coalescing operation does not include 'null' or 'undefined' in its type, therefore the '??' operator can be safely removed.[0m [1m[35m[plugin angular-compiler][0m

    src/app/features/events/instructor-events/instructor-events.component.ts:92:30:
[37m      92 │ ...              {{ ([32mevent.event_title ?? 'Event'[37m).slice(0, 2).toU...
         ╵                      [32m~~~~~~~~~~~~~~~~~~~~~~~~~~~~[0m


[33m▲ [43;33m[[43;30mWARNING[43;33m][0m [1mNG8102: The left side of this nullish coalescing operation does not include 'null' or 'undefined' in its type, therefore the '??' operator can be safely removed.[0m [1m[35m[plugin angular-compiler][0m

    src/app/features/events/student-joined-events/student-joined-events.component.ts:100:30:
[37m      100 │ ...             {{ ([32mevent.event_title ?? 'Event'[37m).slice(0, 2).toU...
          ╵                     [32m~~~~~~~~~~~~~~~~~~~~~~~~~~~~[0m

[39m[22m
[1m[33m[33m▲ [43;33m[[43;30mWARNING[43;33m][0m [1mNG8107: The left side of this optional chain operation does not include 'null' or 'undefined' in its type, therefore the '?.' operator can be replaced with the '.' operator.[0m [1m[35m[plugin angular-compiler][0m

    src/app/features/dashboard/student-dashboard/student-dashboard.component.ts:145:90:
[37m      145 │ ...ss="text-gray-400 italic">By {{ course.instructor?.[32mname[37m }}</span>
          ╵                                                       [32m~~~~[0m


[33m▲ [43;33m[[43;30mWARNING[43;33m][0m [1mNG8102: The left side of this nullish coalescing operation does not include 'null' or 'undefined' in its type, therefore the '??' operator can be safely removed.[0m [1m[35m[plugin angular-compiler][0m

    src/app/features/events/instructor-events/instructor-events.component.ts:92:30:
[37m      92 │ ...              {{ ([32mevent.event_title ?? 'Event'[37m).slice(0, 2).toU...
         ╵                      [32m~~~~~~~~~~~~~~~~~~~~~~~~~~~~[0m


[33m▲ [43;33m[[43;30mWARNING[43;33m][0m [1mNG8102: The left side of this nullish coalescing operation does not include 'null' or 'undefined' in its type, therefore the '??' operator can be safely removed.[0m [1m[35m[plugin angular-compiler][0m

    src/app/features/events/student-joined-events/student-joined-events.component.ts:100:30:
[37m      100 │ ...             {{ ([32mevent.event_title ?? 'Event'[37m).slice(0, 2).toU...
          ╵                     [32m~~~~~~~~~~~~~~~~~~~~~~~~~~~~[0m

[39m[22m
[1m[33m[33m▲ [43;33m[[43;30mWARNING[43;33m][0m [1mNG8107: The left side of this optional chain operation does not include 'null' or 'undefined' in its type, therefore the '?.' operator can be replaced with the '.' operator.[0m [1m[35m[plugin angular-compiler][0m

    src/app/features/dashboard/student-dashboard/student-dashboard.component.ts:145:90:
[37m      145 │ ...ss="text-gray-400 italic">By {{ course.instructor?.[32mname[37m }}</span>
          ╵                                                       [32m~~~~[0m


[33m▲ [43;33m[[43;30mWARNING[43;33m][0m [1mNG8102: The left side of this nullish coalescing operation does not include 'null' or 'undefined' in its type, therefore the '??' operator can be safely removed.[0m [1m[35m[plugin angular-compiler][0m

    src/app/features/events/instructor-events/instructor-events.component.ts:92:30:
[37m      92 │ ...              {{ ([32mevent.event_title ?? 'Event'[37m).slice(0, 2).toU...
         ╵                      [32m~~~~~~~~~~~~~~~~~~~~~~~~~~~~[0m


[33m▲ [43;33m[[43;30mWARNING[43;33m][0m [1mNG8102: The left side of this nullish coalescing operation does not include 'null' or 'undefined' in its type, therefore the '??' operator can be safely removed.[0m [1m[35m[plugin angular-compiler][0m

    src/app/features/events/student-joined-events/student-joined-events.component.ts:100:30:
[37m      100 │ ...             {{ ([32mevent.event_title ?? 'Event'[37m).slice(0, 2).toU...
          ╵                     [32m~~~~~~~~~~~~~~~~~~~~~~~~~~~~[0m

[39m[22m
